<html>
<body>
<pre>
<h1>µVision Build Log</h1>
<h2>Tool Versions:</h2>
IDE-Version: ¦ÌVision V5.18.0.0
Copyright (C) 2016 ARM Ltd and ARM Germany GmbH. All rights reserved.
License Information: sam sam, none, LIC=03C6R-KIAL9-Z9MG9-4Q5Z2-AUNXC-X14JV
 
Tool Versions:
Toolchain:       MDK-ARM Standard  Version: 5.18
Toolchain Path:  E:\app\keil_mdk\core\ARM\ARMCC\Bin
C Compiler:      Armcc.exe V5.06 update 1 (build 61)
Assembler:       Armasm.exe V5.06 update 1 (build 61)
Linker/Locator:  ArmLink.exe V5.06 update 1 (build 61)
Library Manager: ArmAr.exe V5.06 update 1 (build 61)
Hex Converter:   FromElf.exe V5.06 update 1 (build 61)
CPU DLL:         SARMCM3.DLL V5.18
Dialog DLL:      DCM.DLL V1.13.6.0
Target DLL:      Segger\JL2CM3.dll V2.99.18.0
Dialog DLL:      TCM.DLL V1.14.8.0
 
<h2>Project:</h2>
E:\projects\stm32f4\my_proj\Project\Template.uvprojx
Project File Date:  12/20/2024

<h2>Output:</h2>
*** Using Compiler 'V5.06 update 1 (build 61)', folder: 'E:\app\keil_mdk\core\ARM\ARMCC\Bin'
Build target 'Template'
compiling mlx90640.c...
..\BaseDrive\mlx90640\mlx90640.h(36): warning:  #1-D: last line of file ends without a newline
  #endif
..\BaseDrive\mlx90640\mlx90640.c(83): warning:  #1-D: last line of file ends without a newline
  }
..\BaseDrive\mlx90640\mlx90640.c: 2 warnings, 0 errors
linking...
Program Size: Code=213074 RO-data=18706 RW-data=780 ZI-data=79964  
FromELF: creating hex file...
".\Obj\PWM.axf" - 0 Error(s), 2 Warning(s).

<h2>Collection of Component include folders:</h2>
  E:\projects\stm32f4\my_proj\Project\RTE
  E:\app\keil_mdk\core\ARM\PACK\Keil\STM32F4xx_DFP\2.7.0\Drivers\CMSIS\Device\ST\STM32F4xx\Include

<h2>Collection of Component Files used:</h2>
Build Time Elapsed:  00:00:14
</pre>
</body>
</html>
